// Jest Snapshot v1, https://goo.gl/fbAQLP

exports[`url utils CREATE_TAG_URL 1`] = `"/tag/create"`;

exports[`url utils HOME_URL 1`] = `"/"`;

exports[`url utils MEMORIES_URL 1`] = `"/memories"`;

exports[`url utils editTagByIdUrl 1`] = `"/tag/edit/foo"`;

exports[`url utils learnTagUrl 1`] = `"/learn/foo"`;
